// Jest Snapshot v1, https://goo.gl/fbAQLP

exports[`Validaci√≥n del componente Counter app Gererar un Snapshot de los valores por defecto 1`] = `
<div>
  <h1>
    CounterApp
  </h1>
  <h2>
    10
  </h2>
  <button
    onClick={[Function]}
  >
    +1
  </button>
  <button
    onClick={[Function]}
  >
    reset
  </button>
  <button
    onClick={[Function]}
  >
    -1
  </button>
</div>
`;
